GAMS 25.1.3  r4e34d435fbd Released Oct 30, 2018 WEX-WEI x86 64bit/MS Windows                                                                                                                                                           03/27/20 01:28:05 Page 1
spatialModel_infrastructure
C o m p i l a t i o n


   2   
GAMS 25.1.3  r4e34d435fbd Released Oct 30, 2018 WEX-WEI x86 64bit/MS Windows                                                                                                                                                           03/27/20 01:28:05 Page 2
spatialModel_infrastructure
Include File Summary


   SEQ   GLOBAL TYPE      PARENT   LOCAL  FILENAME

     1        1 INPUT          0       0  G:\Dropbox\Davis\Research\Project34_EFSpatialModel\AnalysisWriteup\CASpatialModel\infrastructure_module\runFiles\test\spatialModel_infrastructure.gms
     2       37 GDXIN          1      37  G:\Dropbox\Davis\Research\Project34_EFSpatialModel\AnalysisWriteup\CASpatialModel\infrastructure_module\runFiles\test\inputs.gdx


COMPILATION TIME     =        0.000 SECONDS      3 MB  25.1.3 r4e34d435fbd WEX-WEI
GAMS 25.1.3  r4e34d435fbd Released Oct 30, 2018 WEX-WEI x86 64bit/MS Windows                                                                                                                                                           03/27/20 01:28:05 Page 3
spatialModel_infrastructure
E x e c u t i o n


----     62 Other                    0.000     0.000 SECS      4 MB 
----     75 Assignment spatialModel_infrastructure    0.000     0.000 SECS      4 MB      3
----     76 Assignment spatialModel_infrastructure    0.000     0.000 SECS      4 MB      3
GAMS 25.1.3  r4e34d435fbd Released Oct 30, 2018 WEX-WEI x86 64bit/MS Windows                                                                                                                                                           03/27/20 01:28:05 Page 4
spatialModel_infrastructure
Model Analysis      SOLVE spatialModel_infrastructure Using MIP From line 82


----     82 Solve Init spatialModel_infrastructure    0.000     0.000 SECS      4 MB 
----     47 Equation   obj           0.015     0.015 SECS      6 MB      1
----     50 Equation   constraint1    0.000     0.015 SECS      6 MB    300
----     53 Equation   constraint2    0.000     0.015 SECS      7 MB     50
GAMS 25.1.3  r4e34d435fbd Released Oct 30, 2018 WEX-WEI x86 64bit/MS Windows                                                                                                                                                           03/27/20 01:28:05 Page 5
spatialModel_infrastructure
Model Statistics    SOLVE spatialModel_infrastructure Using MIP From line 82


MODEL STATISTICS

BLOCKS OF EQUATIONS           3     SINGLE EQUATIONS          351
BLOCKS OF VARIABLES           3     SINGLE VARIABLES       15,251
NON ZERO ELEMENTS        38,263     DISCRETE VARIABLES        250


----     82 Solve Fini spatialModel_infrastructure    0.016     0.031 SECS      7 MB  38263
GENERATION TIME      =        0.031 SECONDS      7 MB  25.1.3 r4e34d435fbd WEX-WEI


EXECUTION TIME       =        0.031 SECONDS      7 MB  25.1.3 r4e34d435fbd WEX-WEI
----     82 GAMS Fini                0.000     0.000 SECS      7 MB 
----      1 InitE                    0.000     0.000 SECS      3 MB 
----      1 ExecInit                 0.000     0.000 SECS      3 MB 
----     82 Solve Alg  spatialModel_infrastructure    0.000     0.000 SECS      3 MB 
GAMS 25.1.3  r4e34d435fbd Released Oct 30, 2018 WEX-WEI x86 64bit/MS Windows                                                                                                                                                           03/27/20 01:28:05 Page 6
spatialModel_infrastructure
Solution Report     SOLVE spatialModel_infrastructure Using MIP From line 82


               S O L V E      S U M M A R Y

     MODEL   spatialModel_infrastructure   OBJECTIVE  totalCost
     TYPE    MIP                           DIRECTION  MINIMIZE
     SOLVER  CPLEX                         FROM LINE  82

**** SOLVER STATUS     1 Normal Completion         
**** MODEL STATUS      8 Integer Solution          
**** OBJECTIVE VALUE            25524.1481

 RESOURCE USAGE, LIMIT          0.188     50000.000
 ITERATION COUNT, LIMIT      1844    2000000000

IBM ILOG CPLEX   25.1.3 r4e34d435fbd Released Oct 30, 2018 WEI x86 64bit/MS Wi
--- GAMS/Cplex licensed for continuous and discrete problems.
Cplex 12.8.0.0

Reading parameter(s) from "G:\Dropbox\Davis\Research\Project34_EFSpatialModel\AnalysisWriteup\CASpatialModel\infrastructure_module\runFiles\test\cplex.opt"
>>  workmem 32000
>>  aggind 10
>>  names no
>>  memoryemphasis 1
>>  threads=4
Finished reading from "G:\Dropbox\Davis\Research\Project34_EFSpatialModel\AnalysisWriteup\CASpatialModel\infrastructure_module\runFiles\test\cplex.opt"
MIP status(102): integer optimal, tolerance
Cplex Time: 0.08sec (det. 44.90 ticks)
Fixing integer variables, and solving final LP...
Fixed MIP status(1): optimal
Cplex Time: 0.11sec (det. 10.97 ticks)
Solution satisfies tolerances.

MIP Solution:        25524.148070    (1250 iterations, 0 nodes)
Final Solve:         25524.148070    (594 iterations)

Best possible:       24426.402835
Absolute gap:         1097.745235
Relative gap:            0.043008



**** REPORT SUMMARY :        0     NONOPT
                             0 INFEASIBLE
                             0  UNBOUNDED
----     82 Solve Read spatialModel_infrastructure    0.000     0.000 SECS      4 MB 
GAMS 25.1.3  r4e34d435fbd Released Oct 30, 2018 WEX-WEI x86 64bit/MS Windows                                                                                                                                                           03/27/20 01:28:05 Page 7
spatialModel_infrastructure
E x e c u t i o n


----     85 VARIABLE totalCost.L           =    25524.148  

----     85 VARIABLE station.L  Number of stations of type i installed in region r

          r.1        r.10        r.11        r.12        r.13        r.14        r.15        r.16        r.17        r.18        r.19         r.2        r.20        r.21        r.22        r.23        r.24        r.25        r.26        r.28         r.3

1      30.000       2.000                               1.000       3.000       1.000       2.000       1.000       3.000       1.000       1.000       2.000       1.000       1.000       2.000       1.000       1.000       1.000       2.000       2.000
5      10.000       4.000       2.000       2.000       1.000

+        r.35        r.38        r.42        r.45        r.48         r.5

1       1.000       1.000       2.000       1.000       1.000       1.000


----     85 VARIABLE fueled.L  Amount of energy provided to vehicle v in region r

             v.1        v.10       v.100       v.101       v.102       v.103       v.104       v.105       v.106       v.107       v.108       v.109        v.11       v.110       v.111       v.112       v.113       v.114       v.115       v.116

r.1                               82.538                  90.601      31.859      56.567      73.816      13.754                  91.455      12.873                               3.366                  38.309      94.854
r.10                                          78.804
r.11                                                                                                                                                                  86.166
r.12                                                                                                                                                                                          31.817
r.14      41.391                                                                                                                                          29.241
r.17                  10.440
r.23                                                                                                                  74.795                                                                                                                  69.890
r.25                                                                  48.393
r.26                                                                                                                                                                                                                              10.197
r.38                                                                                                                  19.022
r.42                                                                                                                                                      18.350
r.48                                                                                          19.340                                                                                                                              27.230

   +       v.117       v.118       v.119        v.12       v.120       v.121       v.122       v.123       v.124       v.125       v.126       v.127       v.128       v.129        v.13       v.130       v.131       v.132       v.133       v.134

r.1       24.125      72.507                                                      87.848      31.705                               9.823      42.430      22.887                                          10.293      97.211      73.554      98.644
r.10                                          67.920                  11.400                              64.176                                                      20.701                  78.665
r.13                              32.892                  73.850
r.17                                                                                                       4.034
r.19                                                                                                                                                                              24.135
r.20                                                                                                      21.263
r.28                                                                                                                   2.178
r.5                                                                                                                                                                               48.571

   +       v.135       v.136       v.137       v.138       v.139        v.14       v.140       v.141       v.142       v.143       v.144       v.145       v.146       v.147       v.148       v.149        v.15       v.150       v.151       v.152

r.1       17.722                                          16.750                  17.810                                          55.253      22.833                  31.075                               5.829
r.10                                                                                          71.398       9.615      76.778
r.11                  58.959                                                                                                                                                                  29.313
r.12                                                                                                                                                                                                                  93.479
r.17                                          35.884
r.19                                                                                                                                                                                                                              74.861
r.2                                                                                                                                                                                                                               10.829
r.21                                                                                                                                                      51.593
r.24                                                                  88.048
GAMS 25.1.3  r4e34d435fbd Released Oct 30, 2018 WEX-WEI x86 64bit/MS Windows                                                                                                                                                           03/27/20 01:28:05 Page 8
spatialModel_infrastructure
E x e c u t i o n


         85 VARIABLE fueled.L  Amount of energy provided to vehicle v in region r

   +       v.135       v.136       v.137       v.138       v.139        v.14       v.140       v.141       v.142       v.143       v.144       v.145       v.146       v.147       v.148       v.149        v.15       v.150       v.151       v.152

r.28                                                                                          14.119
r.35                                                                                                                                                                                                                                          25.255
r.45                              49.660
r.5                                                                                                                                                                               16.434

   +       v.153       v.154       v.155       v.156       v.157       v.158       v.159        v.16       v.160       v.161       v.162       v.163       v.164       v.165       v.166       v.167       v.168       v.169        v.17       v.170

r.1       52.624      40.936      17.462      33.342                  34.473                  84.025      26.935                  85.054      47.425      78.800                              21.254      42.539      17.445      11.323      38.789
r.10                                                                                                                                                                  32.075
r.11                                                                                                                                                                              58.496
r.13                                                                              92.434
r.16                                                      23.675
r.3                                                                                                                   80.760

   +       v.171       v.172       v.173       v.174       v.175       v.176       v.177       v.178       v.179        v.18       v.180       v.181       v.182       v.183       v.184       v.185       v.186       v.187       v.188       v.189

r.1                               37.321                   2.680                   5.328                  69.213       5.166                  33.383                                                      30.447                  17.248      86.152
r.10                  65.254                                                                  63.348                              74.386
r.11                                                                                                                                                      68.321
r.14                                                                                                                                                                                          48.137      63.957      39.141
r.16                                                                                                                                                                  35.924
r.2                                                                                                                                                                               89.171
r.3                                           67.684
r.45                                                                  19.382
r.48      53.430
r.5       34.995

   +        v.19       v.190       v.191       v.192       v.193       v.194       v.195       v.196       v.197       v.198       v.199         v.2        v.20       v.200       v.201       v.202       v.203       v.204       v.205       v.206

r.1                                           45.886       5.064      53.957      81.715                              48.591                  66.360      28.588      97.083      62.154                  70.071      65.799
r.10      52.934                                                                              20.081      31.965                                                                              25.738
r.13                              88.814
r.15                   4.420                                                                                                      12.943                                                                                                      13.120
r.21                                          48.407
r.23                                                                                                                                                                                                                              10.168
r.35                                                                                                                              49.013
r.45                                                                                                                                                                                                                                           3.245

   +       v.207       v.208       v.209        v.21       v.210       v.211       v.212       v.213       v.214       v.215       v.216       v.217       v.218       v.219        v.22       v.220       v.221       v.222       v.223       v.224

r.1       71.476                  34.724                  22.370      30.221                              39.597                  19.674                  13.226      57.724                                                                  15.359
r.10                                          86.393                                                                  33.660                  10.294                                                                               9.465
r.11                  33.281                                                                                                                                                      40.961       2.666
r.13                                                                              57.874
r.20                                                                                                                                                                                                                  70.834
r.3                                                                                                                                                                                                       43.974
r.35                                                                                          25.732
GAMS 25.1.3  r4e34d435fbd Released Oct 30, 2018 WEX-WEI x86 64bit/MS Windows                                                                                                                                                           03/27/20 01:28:05 Page 9
spatialModel_infrastructure
E x e c u t i o n


         85 VARIABLE fueled.L  Amount of energy provided to vehicle v in region r

   +       v.225       v.226       v.227       v.228       v.229        v.23       v.230       v.231       v.232       v.233       v.234       v.235       v.236       v.237       v.238       v.239        v.24       v.240       v.241       v.242

r.1       13.322      77.514      40.486                              51.797      41.072                              63.574      72.700                  59.883      74.475      62.976                                          65.586      21.220
r.10                                                                                          38.107                                          37.220                                          41.326      67.057
r.11                                                                                                                                                                                                                  38.979
r.12                                                      52.462                                          50.399
r.16                                          65.328
r.45                                          27.713

   +       v.243       v.244       v.245       v.246       v.247       v.248       v.249        v.25       v.250       v.251       v.252       v.253       v.254       v.255       v.256       v.257       v.258       v.259        v.26       v.260

r.1                               11.950                  67.641      38.259       3.074                   7.475       7.953      43.815                              24.793      75.006                  22.463      44.168
r.10      43.466      14.561                                                                  46.006                                                      32.461                              21.283
r.11                                                                                                                                          72.410
r.12                                                                                                                                                                                                                                          49.754
r.13                                                                                                                                                                                                                              37.836
r.14                                          21.179
r.15                                                                                                                                                                                          69.517
r.3                                            7.583

   +       v.261       v.262       v.263       v.264       v.265       v.266       v.267       v.268       v.269        v.27       v.270       v.271       v.272       v.273       v.274       v.275       v.276       v.277       v.278       v.279

r.1                                                                                           29.691                  43.201      43.455      54.928                  10.073                               1.397       3.556      81.865      63.029
r.10                              45.470                              31.071                                                                                                      65.762
r.11                  42.712
r.12                                          45.300
r.14                                                                                                      13.198
r.18                                                      51.376
r.22                                                                                                                                                      27.960
r.23                                                                              34.238
r.24                                                      11.952
r.28      20.128                                                                                                                                                                              83.310

   +        v.28       v.280       v.281       v.282       v.283       v.284       v.285       v.286       v.287       v.288       v.289        v.29       v.290       v.291       v.292       v.293       v.294       v.295       v.296       v.297

r.1       83.803                  18.917                                          25.088                              43.203      64.910      49.017                   6.548                  62.847      74.894                              40.148
r.11                                                                                                                                                      73.624                  27.032                              47.692
r.12                  87.809                              71.484
r.16                                                                                          55.012
r.25                                          51.607
r.26                                                                                                                                                                                                                              81.361
r.28                                                                  80.264
r.42                                                                                                      98.684

   +       v.298       v.299         v.3        v.30       v.300        v.31        v.32        v.33        v.34        v.35        v.36        v.37        v.38        v.39         v.4        v.40        v.41        v.42        v.43        v.44

r.1                   45.491      39.255                  64.730                  53.547                              58.875                  99.693                              12.550       7.726      74.043      22.360      79.298      12.871
r.10                                                                  55.553
r.11                                                                                          61.156                              29.686
r.12                                                                                                                                                                  25.630
r.13      71.306
GAMS 25.1.3  r4e34d435fbd Released Oct 30, 2018 WEX-WEI x86 64bit/MS Windows                                                                                                                                                          03/27/20 01:28:05 Page 10
spatialModel_infrastructure
E x e c u t i o n


         85 VARIABLE fueled.L  Amount of energy provided to vehicle v in region r

   +       v.298       v.299         v.3        v.30       v.300        v.31        v.32        v.33        v.34        v.35        v.36        v.37        v.38        v.39         v.4        v.40        v.41        v.42        v.43        v.44

r.17                                          49.642
r.18                                                                                                      28.938                                          96.555
r.20                                                                                                       9.600

   +        v.45        v.46        v.47        v.48        v.49         v.5        v.50        v.51        v.52        v.53        v.54        v.55        v.56        v.57        v.58        v.59         v.6        v.60        v.61        v.62

r.1        8.998      91.641      63.986                  40.153      94.476      43.751      34.937                  63.844      46.253                              67.596                                                      43.683
r.10                                                                                                                                                                                          34.366
r.11                                                                                                                                          46.031                                                                                          30.028
r.12                                                                                                                                                      86.187                                          88.804
r.13                                          35.799
r.16                                                                                                                                                                              20.061
r.19                                                                                                       1.005
r.42                                                                                                                                                                                                                  82.967

   +        v.63        v.64        v.65        v.66        v.67        v.68        v.69         v.7        v.70        v.71        v.72        v.73        v.74        v.75        v.76        v.77        v.78        v.79         v.8        v.80

r.1       85.676                  39.962                  40.774                  65.952      59.427      79.409      83.652      54.907      40.217      84.809      68.826      14.515                              36.317                  18.971
r.10                                          73.171
r.11                                                                                                                                                                                                      45.934
r.12                                                                  11.885                                                                                          23.513                  89.650
r.18                                                                                                                                                                                                                              49.569
r.22                  72.040
r.23                                                                                                                  10.910
r.26                   8.442

   +        v.81        v.82        v.83        v.84        v.85        v.86        v.87        v.88        v.89         v.9        v.90        v.91        v.92        v.93        v.94        v.95        v.96        v.97        v.98        v.99

r.1                               34.295      37.310                  32.193                              96.906                  81.861      68.902                              35.946      15.885      29.474      18.859
r.10      97.061                                                                                                      11.558                                          96.292
r.12                  98.230                                                      93.598
r.13                                                                                          88.971                                          20.224
r.14                                                                                                                                                                                                                              43.754
r.18                                                                                                                                                      73.563
r.20                                                      98.303
r.38                                                                                                                                                                                                                                          80.978

----     85 Display                  0.000     0.000 SECS      5 MB 
----     90 Unload                   0.000     0.000 SECS      5 MB 


EXECUTION TIME       =        0.000 SECONDS      5 MB  25.1.3 r4e34d435fbd WEX-WEI
GAMS 25.1.3  r4e34d435fbd Released Oct 30, 2018 WEX-WEI x86 64bit/MS Windows                                                                                                                                                          03/27/20 01:28:05 Page 11
spatialModel_infrastructure
E x e c u t i o n


USER: Small MUD - 5 User License                     G190103:1723AS-GEN
      University of California, Davis, Institute of TransportatiDC14694
      License for teaching and research at degree granting institutions


**** FILE SUMMARY

Input      G:\Dropbox\Davis\Research\Project34_EFSpatialModel\AnalysisWriteup\CASpatialModel\infrastructure_module\runFiles\test\spatialModel_infrastructure.gms
Output     G:\Dropbox\Davis\Research\Project34_EFSpatialModel\AnalysisWriteup\CASpatialModel\infrastructure_module\runFiles\test\spatialModel_infrastructure.lst
----     90 GAMS Fini                0.000     0.000 SECS      5 MB 
